
Map of Debug\parcial2.sm8 from link file Debug\parcial2.lkf - Thu Mar 10 15:16:03 2022


                               --------
                               Segments
                               --------

start 00008080 end 00008112 length   146 segment .const
start 00008148 end 000095d3 length  5259 segment .text
start 00004000 end 00004000 length     0 segment .eeprom
start 00000000 end 0000002e length    46 segment .bsct, initialized
start 0000811a end 00008148 length    46 segment .bsct, from
start 0000002e end 000000a8 length   122 segment .ubsct
start 000000a8 end 000000a8 length     0 segment .bit
start 000000a8 end 000000a8 length     0 segment .share
start 00000100 end 00000100 length     0 segment .data
start 00000100 end 00000100 length     0 segment .bss
start 00000000 end 000007d7 length  2007 segment .info.
start 00000000 end 00002763 length 10083 segment .debug
start 00008000 end 00008080 length   128 segment .const
start 00008112 end 0000811a length     8 segment .init


                               -------
                               Modules
                               -------

C:\Program Files (x86)\COSMIC\FSE_Compilers\CXSTM8\lib\crtsi0.sm8:
start 00008148 end 00008198 length    80 section .text
start 00000100 end 00000100 length     0 section .bss
start 0000002e end 0000002e length     0 section .ubsct
start 00000000 end 00000034 length    52 section .info.

Debug\main.o:
start 00008198 end 00008a6a length  2258 section .text
start 00000000 end 0000002e length    46 section .bsct
start 0000002e end 0000009e length   112 section .ubsct
start 00000000 end 000025f8 length  9720 section .debug
start 00000034 end 0000009e length   106 section .info.
start 00008080 end 000080b4 length    52 section .const

(C:\Program Files (x86)\COSMIC\FSE_Compilers\CXSTM8\lib\libis0.sm8)abs0.o:
start 00008a6a end 00008a6f length     5 section .text
start 0000009e end 000000ca length    44 section .info.

(C:\Program Files (x86)\COSMIC\FSE_Compilers\CXSTM8\lib\libis0.sm8)sprnt.o:
start 00008a6f end 00008a83 length    20 section .text
start 000000ca end 0000013b length   113 section .info.

(C:\Program Files (x86)\COSMIC\FSE_Compilers\CXSTM8\lib\libis0.sm8)cprint.o:
start 00008a83 end 00008fdd length  1370 section .text
start 0000013b end 000001ad length   114 section .info.
start 000080b4 end 000080ed length    57 section .const

(C:\Program Files (x86)\COSMIC\FSE_Compilers\CXSTM8\lib\libis0.sm8)itob.o:
start 00008fdd end 000090ed length   272 section .text
start 000001ad end 0000021d length   112 section .info.
start 000080ed end 00008112 length    37 section .const

(C:\Program Files (x86)\COSMIC\FSE_Compilers\CXSTM8\lib\libis0.sm8)idiv0.o:
start 000090ed end 000090f8 length    11 section .text
start 0000021d end 0000024a length    45 section .info.

(C:\Program Files (x86)\COSMIC\FSE_Compilers\CXSTM8\lib\libis0.sm8)ildiv0.o:
start 000090f8 end 00009113 length    27 section .text
start 0000024a end 00000278 length    46 section .info.

(C:\Program Files (x86)\COSMIC\FSE_Compilers\CXSTM8\lib\libis0.sm8)putchr.o:
start 00009113 end 00009116 length     3 section .text
start 00000278 end 000002ea length   114 section .info.

(C:\Program Files (x86)\COSMIC\FSE_Compilers\CXSTM8\lib\libis0.sm8)strlen0.o:
start 00009116 end 00009122 length    12 section .text
start 000002ea end 00000319 length    47 section .info.

(C:\Program Files (x86)\COSMIC\FSE_Compilers\CXSTM8\lib\libis0.sm8)toup0.o:
start 00009122 end 0000912d length    11 section .text
start 00000319 end 00000346 length    45 section .info.

(C:\Program Files (x86)\COSMIC\FSE_Compilers\CXSTM8\lib\libm0.sm8)bmulx.o:
start 0000912d end 0000913b length    14 section .text
start 00000346 end 00000376 length    48 section .info.

(C:\Program Files (x86)\COSMIC\FSE_Compilers\CXSTM8\lib\libm0.sm8)ctof.o:
start 0000913b end 00009143 length     8 section .text
start 00000376 end 000003a5 length    47 section .info.

(C:\Program Files (x86)\COSMIC\FSE_Compilers\CXSTM8\lib\libm0.sm8)ldiv.o:
start 00009143 end 0000922e length   235 section .text
start 000003a5 end 000003d4 length    47 section .info.

(C:\Program Files (x86)\COSMIC\FSE_Compilers\CXSTM8\lib\libm0.sm8)fadd.o:
start 0000922e end 0000930b length   221 section .text
start 000003d4 end 00000403 length    47 section .info.

(C:\Program Files (x86)\COSMIC\FSE_Compilers\CXSTM8\lib\libm0.sm8)fcmp.o:
start 0000930b end 00009341 length    54 section .text
start 00000403 end 00000432 length    47 section .info.

(C:\Program Files (x86)\COSMIC\FSE_Compilers\CXSTM8\lib\libm0.sm8)fdiv.o:
start 00009341 end 000093c5 length   132 section .text
start 00000432 end 00000461 length    47 section .info.

(C:\Program Files (x86)\COSMIC\FSE_Compilers\CXSTM8\lib\libm0.sm8)fgadd.o:
start 000093c5 end 000093cd length     8 section .text
start 00000461 end 00000491 length    48 section .info.

(C:\Program Files (x86)\COSMIC\FSE_Compilers\CXSTM8\lib\libm0.sm8)fgsub.o:
start 000093cd end 000093d8 length    11 section .text
start 00000491 end 000004c1 length    48 section .info.

(C:\Program Files (x86)\COSMIC\FSE_Compilers\CXSTM8\lib\libm0.sm8)fmul.o:
start 000093d8 end 000094ad length   213 section .text
start 000004c1 end 000004f0 length    47 section .info.

(C:\Program Files (x86)\COSMIC\FSE_Compilers\CXSTM8\lib\libm0.sm8)fneg.o:
start 000094ad end 000094b8 length    11 section .text
start 000004f0 end 0000051f length    47 section .info.

(C:\Program Files (x86)\COSMIC\FSE_Compilers\CXSTM8\lib\libm0.sm8)ftol.o:
start 000094b8 end 0000951a length    98 section .text
start 0000051f end 0000054e length    47 section .info.

(C:\Program Files (x86)\COSMIC\FSE_Compilers\CXSTM8\lib\libm0.sm8)itof.o:
start 0000951a end 00009548 length    46 section .text
start 0000054e end 0000057d length    47 section .info.

(C:\Program Files (x86)\COSMIC\FSE_Compilers\CXSTM8\lib\libm0.sm8)lgneg.o:
start 00009548 end 0000955b length    19 section .text
start 0000057d end 000005ad length    48 section .info.

(C:\Program Files (x86)\COSMIC\FSE_Compilers\CXSTM8\lib\libm0.sm8)lneg.o:
start 0000955b end 00009570 length    21 section .text
start 000005ad end 000005dc length    47 section .info.

(C:\Program Files (x86)\COSMIC\FSE_Compilers\CXSTM8\lib\libm0.sm8)lreg.o:
start 0000009e end 000000a2 length     4 section .ubsct
start 000005dc end 0000060b length    47 section .info.

(C:\Program Files (x86)\COSMIC\FSE_Compilers\CXSTM8\lib\libm0.sm8)ltor.o:
start 00009570 end 00009582 length    18 section .text
start 0000060b end 0000063a length    47 section .info.

(C:\Program Files (x86)\COSMIC\FSE_Compilers\CXSTM8\lib\libm0.sm8)lzmp.o:
start 00009582 end 00009595 length    19 section .text
start 0000063a end 00000669 length    47 section .info.

(C:\Program Files (x86)\COSMIC\FSE_Compilers\CXSTM8\lib\libm0.sm8)rtol.o:
start 00009595 end 000095a7 length    18 section .text
start 00000669 end 00000698 length    47 section .info.

(C:\Program Files (x86)\COSMIC\FSE_Compilers\CXSTM8\lib\libm0.sm8)sdivx.o:
start 000095a7 end 000095d2 length    43 section .text
start 00000698 end 000006c8 length    48 section .info.

(C:\Program Files (x86)\COSMIC\FSE_Compilers\CXSTM8\lib\libm0.sm8)xreg.o:
start 000000a2 end 000000a5 length     3 section .ubsct
start 000006c8 end 000006f7 length    47 section .info.

(C:\Program Files (x86)\COSMIC\FSE_Compilers\CXSTM8\lib\libm0.sm8)yreg.o:
start 000000a5 end 000000a8 length     3 section .ubsct
start 000006f7 end 00000726 length    47 section .info.

Debug\stm8_interrupt_vector.o:
start 000095d2 end 000095d3 length     1 section .text
start 000025f8 end 00002763 length   363 section .debug
start 00000726 end 000007a1 length   123 section .info.
start 00008000 end 00008080 length   128 section .const


                             -----------
                             Stack usage
                             -----------

Debug\main.o:
_CambioVelocidad                     14   (6)
_ConfigurarInterrupciones             2   (2)
_EnviarComandoLCD                    10   (2)
_EnviarNibbleLCD                      3   (3)
_FSM_Init                             2   (2)
_GiroNegativo                        14   (6)
_GiroPositivo                        14   (6)
_ImprimirCadenaLCD                   19   (6)
_ImprimirCharLCD                     13   (5)
_IniciarLCD                          12   (2)
_LimpiarLCD                          12   (2)
_MensajePantallaAnguloActual         98   (10)
_MensajePantallaAnguloSiguiente      98   (10)
_MensajePantallaVelocidad            94   (6)
_PonerCursorLCD                      16   (6)
_Timer4_Init                          2   (2)
_configurarGPIO                       2   (2)
_delay_ms                             8   (4)
_delay_us                             4   (4)
_main                            >  104   (6)
f_EXTI1_IRQHandler               >   24   (16)
f_EXTI2_IRQHandler               >   24   (16)

Debug\stm8_interrupt_vector.o:
f_NonHandledInterrupt            >    6   (6)

C:\Program Files (x86:
_abs                                  2   (2)
L11__cvtup                            8   (6)
L31__putbuf                          12   (9)
L7__gnum                             20   (16)
__print                              74   (51)
__udiv                                4   (4)
__uldiv                               6   (6)
__itob                               19   (15)
__ltob                               23   (17)
_putchar                              3   (3)
_sprintf                             88   (14)
_strlen                               2   (2)
_toupper                              2   (2)

Stack size: 128


                              ---------
                              Call tree
                              ---------
   1 > __stext: (0)

   2 > _main: (6)
   3      + _CambioVelocidad: (6)
   4      + _ConfigurarInterrupciones: (2)
   5      + _FSM_Init: (2)
   6      + _GiroNegativo: (6)
   7      |    + _delay_ms: (4)
   8      |    |    + _delay_us: (4)
          |    | 
          | 
   9      + _GiroPositivo: (6)
  10      |    + _delay_ms --> 7
          | 
  11      + _ImprimirCadenaLCD: (6)
  12      |    + _ImprimirCharLCD: (5)
  13      |    |    + _EnviarNibbleLCD: (3)
  14      |    |    + _delay_ms --> 7
          |    | 
          | 
  15      + _IniciarLCD: (2)
  16      |    + _EnviarComandoLCD: (2)
  17      |    |    + _EnviarNibbleLCD --> 13
  18      |    |    + _delay_ms --> 7
          |    | 
  19      |    + _delay_ms --> 7
          | 
  20      + _LimpiarLCD: (2)
  21      |    + _EnviarComandoLCD --> 16
          | 
  22      + _MensajePantallaAnguloActual: (10)
  23      |    + _ImprimirCadenaLCD --> 11
  24      |    + _ImprimirCharLCD --> 12
  25      |    + _PonerCursorLCD: (6)
  26      |    |    + _EnviarComandoLCD --> 16
          |    | 
  27      |    + _abs: (2)
  28      |    + _sprintf: (14)
  29      |    |    + __print: (51)
  30      |    |    |    + L11__cvtup: (6)
  31      |    |    |    |    + _toupper: (2)
          |    |    |    | 
  32      |    |    |    + L31__putbuf: (9)
  33      |    |    |    |    + _putchar: (3)
          |    |    |    | 
  34      |    |    |    + L7__gnum: (16)
  35      |    |    |    + __itob: (15)
  36      |    |    |    |    + __udiv: (4)
          |    |    |    | 
  37      |    |    |    + __ltob: (17)
  38      |    |    |    |    + __uldiv: (6)
          |    |    |    | 
  39      |    |    |    + _strlen: (2)
          |    |    | 
          |    | 
          | 
  40      + _MensajePantallaAnguloSiguiente: (10)
  41      |    + _ImprimirCadenaLCD --> 11
  42      |    + _ImprimirCharLCD --> 12
  43      |    + _PonerCursorLCD --> 25
  44      |    + _abs --> 27
  45      |    + _sprintf --> 28
          | 
  46      + _MensajePantallaVelocidad: (6)
  47      |    + _ImprimirCadenaLCD --> 11
  48      |    + _ImprimirCharLCD --> 12
  49      |    + _PonerCursorLCD --> 25
  50      |    + _sprintf --> 28
          | 
  51      + _PonerCursorLCD --> 25
  52      + _Timer4_Init: (2)
  53      + _abs --> 27
  54      + _configurarGPIO: (2)
  55      + _delay_ms --> 7
       
  56 > f_EXTI1_IRQHandler: (16)

  57 > f_EXTI2_IRQHandler: (16)

  58 > f_NonHandledInterrupt: (6)

  59   L11__cvtup --> 30

  60   L31__putbuf --> 32

  61   L7__gnum --> 34

  62   _CambioVelocidad --> 3

  63   _ConfigurarInterrupciones --> 4

  64   _EnviarComandoLCD --> 16

  65   _EnviarNibbleLCD --> 13

  66   _FSM_Init --> 5

  67   _GiroNegativo --> 6

  68   _GiroPositivo --> 9

  69   _ImprimirCadenaLCD --> 11

  70   _ImprimirCharLCD --> 12

  71   _IniciarLCD --> 15

  72   _LimpiarLCD --> 20

  73   _MensajePantallaAnguloActual --> 22

  74   _MensajePantallaAnguloSiguiente --> 40

  75   _MensajePantallaVelocidad --> 46

  76   _PonerCursorLCD --> 25

  77   _Timer4_Init --> 52

  78   __itob --> 35

  79   __ltob --> 37

  80   __print --> 29

  81   __udiv --> 36

  82   __uldiv --> 38

  83   _abs --> 27

  84   _configurarGPIO --> 54

  85   _delay_ms --> 7

  86   _delay_us --> 8

  87   _putchar --> 33

  88   _sprintf --> 28

  89   _strlen --> 39

  90   _toupper --> 31



                               -------
                               Symbols
                               -------

_ADC_AWCRH                        0000540e   defined in Debug\main.o
_ADC_AWCRL                        0000540f   defined in Debug\main.o
_ADC_AWSRH                        0000540c   defined in Debug\main.o
_ADC_AWSRL                        0000540d   defined in Debug\main.o
_ADC_CR1                          00005401   defined in Debug\main.o
_ADC_CR2                          00005402   defined in Debug\main.o
_ADC_CR3                          00005403   defined in Debug\main.o
_ADC_CSR                          00005400   defined in Debug\main.o
_ADC_DBR                          000053e0   defined in Debug\main.o
_ADC_DRH                          00005404   defined in Debug\main.o
_ADC_DRL                          00005405   defined in Debug\main.o
_ADC_HTRH                         00005408   defined in Debug\main.o
_ADC_HTRL                         00005409   defined in Debug\main.o
_ADC_LTRH                         0000540a   defined in Debug\main.o
_ADC_LTRL                         0000540b   defined in Debug\main.o
_ADC_TDRH                         00005406   defined in Debug\main.o
_ADC_TDRL                         00005407   defined in Debug\main.o
_AWU_APR                          000050f1   defined in Debug\main.o
_AWU_CSR1                         000050f0   defined in Debug\main.o
_AWU_TBR                          000050f2   defined in Debug\main.o
_BEEP_CSR                         000050f3   defined in Debug\main.o
_CFG_GCR                          00007f60   defined in Debug\main.o
_CLK_CANCCR                       000050cb   defined in Debug\main.o
_CLK_CCOR                         000050c9   defined in Debug\main.o
_CLK_CKDIVR                       000050c6   defined in Debug\main.o
_CLK_CMSR                         000050c3   defined in Debug\main.o
_CLK_CSSR                         000050c8   defined in Debug\main.o
_CLK_ECKCR                        000050c1   defined in Debug\main.o
_CLK_HSITRIMR                     000050cc   defined in Debug\main.o
_CLK_ICKCR                        000050c0   defined in Debug\main.o
_CLK_PCKENR1                      000050c7   defined in Debug\main.o
_CLK_PCKENR2                      000050ca   defined in Debug\main.o
_CLK_SWCR                         000050c5   defined in Debug\main.o
_CLK_SWIMCCR                      000050cd   defined in Debug\main.o
_CLK_SWR                          000050c4   defined in Debug\main.o
_CambioVelocidad                  000086ee   defined in Debug\main.o section .text
_ConfigurarInterrupciones         00008896   defined in Debug\main.o section .text
_DM_BK1RE                         00007f90   defined in Debug\main.o
_DM_BK1RH                         00007f91   defined in Debug\main.o
_DM_BK1RL                         00007f92   defined in Debug\main.o
_DM_BK2RE                         00007f93   defined in Debug\main.o
_DM_BK2RH                         00007f94   defined in Debug\main.o
_DM_BK2RL                         00007f95   defined in Debug\main.o
_DM_CR1                           00007f96   defined in Debug\main.o
_DM_CR2                           00007f97   defined in Debug\main.o
_DM_CSR1                          00007f98   defined in Debug\main.o
_DM_CSR2                          00007f99   defined in Debug\main.o
_DM_ENFCTR                        00007f9a   defined in Debug\main.o
_EXTI_CR1                         000050a0   defined in Debug\main.o
_EXTI_CR2                         000050a1   defined in Debug\main.o
_EnviarComandoLCD                 0000891a   defined in Debug\main.o section .text
_EnviarNibbleLCD                  000088d9   defined in Debug\main.o section .text
_FLASH_CR1                        0000505a   defined in Debug\main.o
_FLASH_CR2                        0000505b   defined in Debug\main.o
_FLASH_DUKR                       00005064   defined in Debug\main.o
_FLASH_FPR                        0000505d   defined in Debug\main.o
_FLASH_IAPSR                      0000505f   defined in Debug\main.o
_FLASH_NCR2                       0000505c   defined in Debug\main.o
_FLASH_NFPR                       0000505e   defined in Debug\main.o
_FLASH_PUKR                       00005062   defined in Debug\main.o
_FSM                              0000005e   defined in Debug\main.o section .ubsct
_FSM_Init                         0000837f   defined in Debug\main.o section .text
_GiroNegativo                     00008752   defined in Debug\main.o section .text
_GiroPositivo                     000087a8   defined in Debug\main.o section .text
_I2C_CCRH                         0000521c   defined in Debug\main.o
_I2C_CCRL                         0000521b   defined in Debug\main.o
_I2C_CR1                          00005210   defined in Debug\main.o
_I2C_CR2                          00005211   defined in Debug\main.o
_I2C_DR                           00005216   defined in Debug\main.o
_I2C_FREQR                        00005212   defined in Debug\main.o
_I2C_ITR                          0000521a   defined in Debug\main.o
_I2C_OARH                         00005214   defined in Debug\main.o
_I2C_OARL                         00005213   defined in Debug\main.o
_I2C_PECR                         0000521e   defined in Debug\main.o
_I2C_SR1                          00005217   defined in Debug\main.o
_I2C_SR2                          00005218   defined in Debug\main.o
_I2C_SR3                          00005219   defined in Debug\main.o
_I2C_TRISER                       0000521d   defined in Debug\main.o
_ITC_SPR1                         00007f70   defined in Debug\main.o
_ITC_SPR2                         00007f71   defined in Debug\main.o
_ITC_SPR3                         00007f72   defined in Debug\main.o
_ITC_SPR4                         00007f73   defined in Debug\main.o
_ITC_SPR5                         00007f74   defined in Debug\main.o
_ITC_SPR6                         00007f75   defined in Debug\main.o
_ITC_SPR7                         00007f76   defined in Debug\main.o
_ITC_SPR8                         00007f77   defined in Debug\main.o
_IWDG_KR                          000050e0   defined in Debug\main.o
_IWDG_PR                          000050e1   defined in Debug\main.o
_IWDG_RLR                         000050e2   defined in Debug\main.o
_ImprimirCadenaLCD                000089df   defined in Debug\main.o section .text
_ImprimirCharLCD                  000089a4   defined in Debug\main.o section .text
_IniciarLCD                       0000892f   defined in Debug\main.o section .text
_InicioGiro                       00000016   defined in Debug\main.o section .bsct, initialized
_LimpiarLCD                       00008968   defined in Debug\main.o section .text
_MensajePantallaAnguloActual      00008417   defined in Debug\main.o section .text
_MensajePantallaAnguloSiguiente   0000852c   defined in Debug\main.o section .text
_MensajePantallaVelocidad         00008641   defined in Debug\main.o section .text
_PA_CR1                           00005003   defined in Debug\main.o
_PA_CR2                           00005004   defined in Debug\main.o
_PA_DDR                           00005002   defined in Debug\main.o
_PA_IDR                           00005001   defined in Debug\main.o
_PA_ODR                           00005000   defined in Debug\main.o
_PB_CR1                           00005008   defined in Debug\main.o
_PB_CR2                           00005009   defined in Debug\main.o
_PB_DDR                           00005007   defined in Debug\main.o
_PB_IDR                           00005006   defined in Debug\main.o
_PB_ODR                           00005005   defined in Debug\main.o
_PC_CR1                           0000500d   defined in Debug\main.o
_PC_CR2                           0000500e   defined in Debug\main.o
_PC_DDR                           0000500c   defined in Debug\main.o
_PC_IDR                           0000500b   defined in Debug\main.o
_PC_ODR                           0000500a   defined in Debug\main.o
_PD_CR1                           00005012   defined in Debug\main.o
_PD_CR2                           00005013   defined in Debug\main.o
_PD_DDR                           00005011   defined in Debug\main.o
_PD_IDR                           00005010   defined in Debug\main.o
_PD_ODR                           0000500f   defined in Debug\main.o
_PE_CR1                           00005017   defined in Debug\main.o
_PE_CR2                           00005018   defined in Debug\main.o
_PE_DDR                           00005016   defined in Debug\main.o
_PE_IDR                           00005015   defined in Debug\main.o
_PE_ODR                           00005014   defined in Debug\main.o
_PF_CR1                           0000501c   defined in Debug\main.o
_PF_CR2                           0000501d   defined in Debug\main.o
_PF_DDR                           0000501b   defined in Debug\main.o
_PF_IDR                           0000501a   defined in Debug\main.o
_PF_ODR                           00005019   defined in Debug\main.o
_PG_CR1                           00005021   defined in Debug\main.o
_PG_CR2                           00005022   defined in Debug\main.o
_PG_DDR                           00005020   defined in Debug\main.o
_PG_IDR                           0000501f   defined in Debug\main.o
_PG_ODR                           0000501e   defined in Debug\main.o
_PH_CR1                           00005026   defined in Debug\main.o
_PH_CR2                           00005027   defined in Debug\main.o
_PH_DDR                           00005025   defined in Debug\main.o
_PH_IDR                           00005024   defined in Debug\main.o
_PH_ODR                           00005023   defined in Debug\main.o
_PI_CR1                           0000502b   defined in Debug\main.o
_PI_CR2                           0000502c   defined in Debug\main.o
_PI_DDR                           0000502a   defined in Debug\main.o
_PI_IDR                           00005029   defined in Debug\main.o
_PI_ODR                           00005028   defined in Debug\main.o
_PonerCursorLCD                   00008970   defined in Debug\main.o section .text
_RST_SR                           000050b3   defined in Debug\main.o
_SPI_CR1                          00005200   defined in Debug\main.o
_SPI_CR2                          00005201   defined in Debug\main.o
_SPI_CRCPR                        00005205   defined in Debug\main.o
_SPI_DR                           00005204   defined in Debug\main.o
_SPI_ICR                          00005202   defined in Debug\main.o
_SPI_RXCRCR                       00005206   defined in Debug\main.o
_SPI_SR                           00005203   defined in Debug\main.o
_SPI_TXCRCR                       00005207   defined in Debug\main.o
_SWIM_CSR                         00007f80   defined in Debug\main.o
_TIM1_ARRH                        00005262   defined in Debug\main.o
_TIM1_ARRL                        00005263   defined in Debug\main.o
_TIM1_BKR                         0000526d   defined in Debug\main.o
_TIM1_CCER1                       0000525c   defined in Debug\main.o
_TIM1_CCER2                       0000525d   defined in Debug\main.o
_TIM1_CCMR1                       00005258   defined in Debug\main.o
_TIM1_CCMR2                       00005259   defined in Debug\main.o
_TIM1_CCMR3                       0000525a   defined in Debug\main.o
_TIM1_CCMR4                       0000525b   defined in Debug\main.o
_TIM1_CCR1H                       00005265   defined in Debug\main.o
_TIM1_CCR1L                       00005266   defined in Debug\main.o
_TIM1_CCR2H                       00005267   defined in Debug\main.o
_TIM1_CCR2L                       00005268   defined in Debug\main.o
_TIM1_CCR3H                       00005269   defined in Debug\main.o
_TIM1_CCR3L                       0000526a   defined in Debug\main.o
_TIM1_CCR4H                       0000526b   defined in Debug\main.o
_TIM1_CCR4L                       0000526c   defined in Debug\main.o
_TIM1_CNTRH                       0000525e   defined in Debug\main.o
_TIM1_CNTRL                       0000525f   defined in Debug\main.o
_TIM1_CR1                         00005250   defined in Debug\main.o
_TIM1_CR2                         00005251   defined in Debug\main.o
_TIM1_DTR                         0000526e   defined in Debug\main.o
_TIM1_EGR                         00005257   defined in Debug\main.o
_TIM1_ETR                         00005253   defined in Debug\main.o
_TIM1_IER                         00005254   defined in Debug\main.o
_TIM1_OISR                        0000526f   defined in Debug\main.o
_TIM1_PSCRH                       00005260   defined in Debug\main.o
_TIM1_PSCRL                       00005261   defined in Debug\main.o
_TIM1_RCR                         00005264   defined in Debug\main.o
_TIM1_SMCR                        00005252   defined in Debug\main.o
_TIM1_SR1                         00005255   defined in Debug\main.o
_TIM1_SR2                         00005256   defined in Debug\main.o
_TIM2_ARRH                        0000530d   defined in Debug\main.o
_TIM2_ARRL                        0000530e   defined in Debug\main.o
_TIM2_CCER1                       00005308   defined in Debug\main.o
_TIM2_CCER2                       00005309   defined in Debug\main.o
_TIM2_CCMR1                       00005305   defined in Debug\main.o
_TIM2_CCMR2                       00005306   defined in Debug\main.o
_TIM2_CCMR3                       00005307   defined in Debug\main.o
_TIM2_CCR1H                       0000530f   defined in Debug\main.o
_TIM2_CCR1L                       00005310   defined in Debug\main.o
_TIM2_CCR2H                       00005311   defined in Debug\main.o
_TIM2_CCR2L                       00005312   defined in Debug\main.o
_TIM2_CCR3H                       00005313   defined in Debug\main.o
_TIM2_CCR3L                       00005314   defined in Debug\main.o
_TIM2_CNTRH                       0000530a   defined in Debug\main.o
_TIM2_CNTRL                       0000530b   defined in Debug\main.o
_TIM2_CR1                         00005300   defined in Debug\main.o
_TIM2_EGR                         00005304   defined in Debug\main.o
_TIM2_IER                         00005301   defined in Debug\main.o
_TIM2_PSCR                        0000530c   defined in Debug\main.o
_TIM2_SR1                         00005302   defined in Debug\main.o
_TIM2_SR2                         00005303   defined in Debug\main.o
_TIM3_ARRH                        0000532b   defined in Debug\main.o
_TIM3_ARRL                        0000532c   defined in Debug\main.o
_TIM3_CCER1                       00005327   defined in Debug\main.o
_TIM3_CCMR1                       00005325   defined in Debug\main.o
_TIM3_CCMR2                       00005326   defined in Debug\main.o
_TIM3_CCR1H                       0000532d   defined in Debug\main.o
_TIM3_CCR1L                       0000532e   defined in Debug\main.o
_TIM3_CCR2H                       0000532f   defined in Debug\main.o
_TIM3_CCR2L                       00005330   defined in Debug\main.o
_TIM3_CNTRH                       00005328   defined in Debug\main.o
_TIM3_CNTRL                       00005329   defined in Debug\main.o
_TIM3_CR1                         00005320   defined in Debug\main.o
_TIM3_EGR                         00005324   defined in Debug\main.o
_TIM3_IER                         00005321   defined in Debug\main.o
_TIM3_PSCR                        0000532a   defined in Debug\main.o
_TIM3_SR1                         00005322   defined in Debug\main.o
_TIM3_SR2                         00005323   defined in Debug\main.o
_TIM4_ARR                         00005346   defined in Debug\main.o
_TIM4_CNTR                        00005344   defined in Debug\main.o
_TIM4_CR1                         00005340   defined in Debug\main.o
_TIM4_EGR                         00005343   defined in Debug\main.o
_TIM4_IER                         00005341   defined in Debug\main.o
_TIM4_PSCR                        00005345   defined in Debug\main.o
_TIM4_SR                          00005342   defined in Debug\main.o
_Timer4_Init                      00008a00   defined in Debug\main.o section .text
_UART2_BRR1                       00005242   defined in Debug\main.o
_UART2_BRR2                       00005243   defined in Debug\main.o
_UART2_CR1                        00005244   defined in Debug\main.o
_UART2_CR2                        00005245   defined in Debug\main.o
_UART2_CR3                        00005246   defined in Debug\main.o
_UART2_CR4                        00005247   defined in Debug\main.o
_UART2_CR6                        00005249   defined in Debug\main.o
_UART2_DR                         00005241   defined in Debug\main.o
_UART2_GTR                        0000524a   defined in Debug\main.o
_UART2_PSCR                       0000524b   defined in Debug\main.o
_UART2_SR                         00005240   defined in Debug\main.o
_Velocidadpantalla                0000002a   defined in Debug\main.o section .bsct, initialized
_WWDG_CR                          000050d1   defined in Debug\main.o
_WWDG_WR                          000050d2   defined in Debug\main.o
__endmem                          000005ff   defined in command file
                                             *** not used ***
__endzp                           000000a8   defined in command file section .ubsct
                                             used in C:\Program Files (x86)\COSMIC\FSE_Compilers\CXSTM8\lib\crtsi0.sm8
__idesc__                         00008112   defined in linker section .init
                                             used in C:\Program Files (x86)\COSMIC\FSE_Compilers\CXSTM8\lib\crtsi0.sm8
__itob                            00008fdd   defined in (C:\Program Files (x86)\COSMIC\FSE_Compilers\CXSTM8\lib\libis0.sm8)itob.o section .text
                                             used in (C:\Program Files (x86)\COSMIC\FSE_Compilers\CXSTM8\lib\libis0.sm8)cprint.o
__ltob                            00009057   defined in (C:\Program Files (x86)\COSMIC\FSE_Compilers\CXSTM8\lib\libis0.sm8)itob.o section .text
                                             used in (C:\Program Files (x86)\COSMIC\FSE_Compilers\CXSTM8\lib\libis0.sm8)cprint.o
__memory                          00000100   defined in command file section .bss
                                             used in C:\Program Files (x86)\COSMIC\FSE_Compilers\CXSTM8\lib\crtsi0.sm8
__print                           00008b7a   defined in (C:\Program Files (x86)\COSMIC\FSE_Compilers\CXSTM8\lib\libis0.sm8)cprint.o section .text
                                             used in (C:\Program Files (x86)\COSMIC\FSE_Compilers\CXSTM8\lib\libis0.sm8)sprnt.o
__stack                           000007ff   defined in command file
                                             used in C:\Program Files (x86)\COSMIC\FSE_Compilers\CXSTM8\lib\crtsi0.sm8
__startmem                        00000100   defined in command file section .bss
                                             *** not used ***
__stext                           00008148   defined in C:\Program Files (x86)\COSMIC\FSE_Compilers\CXSTM8\lib\crtsi0.sm8 section .text
                                             used in Debug\stm8_interrupt_vector.o
__udiv                            000090ed   defined in (C:\Program Files (x86)\COSMIC\FSE_Compilers\CXSTM8\lib\libis0.sm8)idiv0.o section .text
                                             used in (C:\Program Files (x86)\COSMIC\FSE_Compilers\CXSTM8\lib\libis0.sm8)itob.o
__uldiv                           000090f8   defined in (C:\Program Files (x86)\COSMIC\FSE_Compilers\CXSTM8\lib\libis0.sm8)ildiv0.o section .text
                                             used in (C:\Program Files (x86)\COSMIC\FSE_Compilers\CXSTM8\lib\libis0.sm8)itob.o
__vectab                          00008000   defined in Debug\stm8_interrupt_vector.o section .const
_abs                              00008a6a   defined in (C:\Program Files (x86)\COSMIC\FSE_Compilers\CXSTM8\lib\libis0.sm8)abs0.o section .text
                                             used in Debug\main.o
_actualizar                       00000028   defined in Debug\main.o section .bsct, initialized
_angulo                           0000000c   defined in Debug\main.o section .bsct, initialized
_angulodeseado                    00000008   defined in Debug\main.o section .bsct, initialized
_anguloinicial                    00000004   defined in Debug\main.o section .bsct, initialized
_angulosiguiente                  00000010   defined in Debug\main.o section .bsct, initialized
_bit0                             00000020   defined in Debug\main.o section .bsct, initialized
_bit1                             00000022   defined in Debug\main.o section .bsct, initialized
_configurarGPIO                   000086a9   defined in Debug\main.o section .text
_contadorgirosnegativos           0000001c   defined in Debug\main.o section .bsct, initialized
_contadorgirospositivos           0000001e   defined in Debug\main.o section .bsct, initialized
_delay_ms                         00008a48   defined in Debug\main.o section .text
_delay_us                         00008a1d   defined in Debug\main.o section .text
_desplazamientoneg                00000018   defined in Debug\main.o section .bsct, initialized
_desplazamientopos                0000001a   defined in Debug\main.o section .bsct, initialized
_es                               00000002   defined in Debug\main.o section .bsct, initialized
_exit                             00008196   defined in C:\Program Files (x86)\COSMIC\FSE_Compilers\CXSTM8\lib\crtsi0.sm8 section .text
_in                               00000000   defined in Debug\main.o section .bsct, initialized
_main                             00008198   defined in Debug\main.o section .text
                                             used in C:\Program Files (x86)\COSMIC\FSE_Compilers\CXSTM8\lib\crtsi0.sm8
_pasos                            00000024   defined in Debug\main.o section .bsct, initialized
_putchar                          00009113   defined in (C:\Program Files (x86)\COSMIC\FSE_Compilers\CXSTM8\lib\libis0.sm8)putchr.o section .text
                                             used in (C:\Program Files (x86)\COSMIC\FSE_Compilers\CXSTM8\lib\libis0.sm8)cprint.o
_sprintf                          00008a6f   defined in (C:\Program Files (x86)\COSMIC\FSE_Compilers\CXSTM8\lib\libis0.sm8)sprnt.o section .text
                                             used in Debug\main.o
_stringAngulodeseado              0000003e   defined in Debug\main.o section .ubsct
_stringAnguloinicial              0000004e   defined in Debug\main.o section .ubsct
_stringVelocidad                  0000002e   defined in Debug\main.o section .ubsct
_strlen                           00009116   defined in (C:\Program Files (x86)\COSMIC\FSE_Compilers\CXSTM8\lib\libis0.sm8)strlen0.o section .text
                                             used in (C:\Program Files (x86)\COSMIC\FSE_Compilers\CXSTM8\lib\libis0.sm8)cprint.o
_toupper                          00009122   defined in (C:\Program Files (x86)\COSMIC\FSE_Compilers\CXSTM8\lib\libis0.sm8)toup0.o section .text
                                             used in (C:\Program Files (x86)\COSMIC\FSE_Compilers\CXSTM8\lib\libis0.sm8)cprint.o
_velocidadgrad                    00000014   defined in Debug\main.o section .bsct, initialized
c_bmulx                           0000912d   defined in (C:\Program Files (x86)\COSMIC\FSE_Compilers\CXSTM8\lib\libm0.sm8)bmulx.o section .text
                                             used in Debug\main.o
                                                     (C:\Program Files (x86)\COSMIC\FSE_Compilers\CXSTM8\lib\libis0.sm8)cprint.o
c_ctof                            0000913b   defined in (C:\Program Files (x86)\COSMIC\FSE_Compilers\CXSTM8\lib\libm0.sm8)ctof.o section .text
                                             used in Debug\main.o
c_divsl                           00009143   defined in (C:\Program Files (x86)\COSMIC\FSE_Compilers\CXSTM8\lib\libm0.sm8)ldiv.o section .text
                                             *** not used ***
c_divul                           0000915a   defined in (C:\Program Files (x86)\COSMIC\FSE_Compilers\CXSTM8\lib\libm0.sm8)ldiv.o section .text
                                             used in (C:\Program Files (x86)\COSMIC\FSE_Compilers\CXSTM8\lib\libis0.sm8)ildiv0.o
c_fadd                            00009242   defined in (C:\Program Files (x86)\COSMIC\FSE_Compilers\CXSTM8\lib\libm0.sm8)fadd.o section .text
                                             used in Debug\main.o
                                                     (C:\Program Files (x86)\COSMIC\FSE_Compilers\CXSTM8\lib\libm0.sm8)fgadd.o
c_fcmp                            0000930b   defined in (C:\Program Files (x86)\COSMIC\FSE_Compilers\CXSTM8\lib\libm0.sm8)fcmp.o section .text
                                             used in Debug\main.o
c_fdiv                            00009341   defined in (C:\Program Files (x86)\COSMIC\FSE_Compilers\CXSTM8\lib\libm0.sm8)fdiv.o section .text
                                             used in Debug\main.o
c_fgadd                           000093c5   defined in (C:\Program Files (x86)\COSMIC\FSE_Compilers\CXSTM8\lib\libm0.sm8)fgadd.o section .text
                                             used in Debug\main.o
c_fgsub                           000093cd   defined in (C:\Program Files (x86)\COSMIC\FSE_Compilers\CXSTM8\lib\libm0.sm8)fgsub.o section .text
                                             used in Debug\main.o
c_fmul                            000093d8   defined in (C:\Program Files (x86)\COSMIC\FSE_Compilers\CXSTM8\lib\libm0.sm8)fmul.o section .text
                                             used in Debug\main.o
c_fneg                            000094ad   defined in (C:\Program Files (x86)\COSMIC\FSE_Compilers\CXSTM8\lib\libm0.sm8)fneg.o section .text
                                             used in (C:\Program Files (x86)\COSMIC\FSE_Compilers\CXSTM8\lib\libm0.sm8)fgsub.o
c_fsub                            0000922e   defined in (C:\Program Files (x86)\COSMIC\FSE_Compilers\CXSTM8\lib\libm0.sm8)fadd.o section .text
                                             used in Debug\main.o
                                                     (C:\Program Files (x86)\COSMIC\FSE_Compilers\CXSTM8\lib\libm0.sm8)fgsub.o
c_ftoi                            000094b8   defined in (C:\Program Files (x86)\COSMIC\FSE_Compilers\CXSTM8\lib\libm0.sm8)ftol.o section .text
                                             used in Debug\main.o
c_ftol                            000094be   defined in (C:\Program Files (x86)\COSMIC\FSE_Compilers\CXSTM8\lib\libm0.sm8)ftol.o section .text
c_itof                            0000951a   defined in (C:\Program Files (x86)\COSMIC\FSE_Compilers\CXSTM8\lib\libm0.sm8)itof.o section .text
                                             used in Debug\main.o
                                                     (C:\Program Files (x86)\COSMIC\FSE_Compilers\CXSTM8\lib\libm0.sm8)ctof.o
c_lgneg                           00009548   defined in (C:\Program Files (x86)\COSMIC\FSE_Compilers\CXSTM8\lib\libm0.sm8)lgneg.o section .text
                                             used in (C:\Program Files (x86)\COSMIC\FSE_Compilers\CXSTM8\lib\libm0.sm8)ldiv.o
c_lneg                            0000955b   defined in (C:\Program Files (x86)\COSMIC\FSE_Compilers\CXSTM8\lib\libm0.sm8)lneg.o section .text
                                             used in (C:\Program Files (x86)\COSMIC\FSE_Compilers\CXSTM8\lib\libis0.sm8)itob.o
                                                     (C:\Program Files (x86)\COSMIC\FSE_Compilers\CXSTM8\lib\libm0.sm8)ldiv.o
c_lreg                            0000009e   defined in (C:\Program Files (x86)\COSMIC\FSE_Compilers\CXSTM8\lib\libm0.sm8)lreg.o section .ubsct
                                             used in Debug\main.o
                                                     (C:\Program Files (x86)\COSMIC\FSE_Compilers\CXSTM8\lib\libis0.sm8)cprint.o
                                                     (C:\Program Files (x86)\COSMIC\FSE_Compilers\CXSTM8\lib\libm0.sm8)ldiv.o
                                                     (C:\Program Files (x86)\COSMIC\FSE_Compilers\CXSTM8\lib\libm0.sm8)fadd.o
                                                     (C:\Program Files (x86)\COSMIC\FSE_Compilers\CXSTM8\lib\libm0.sm8)fcmp.o
                                                     (C:\Program Files (x86)\COSMIC\FSE_Compilers\CXSTM8\lib\libm0.sm8)fdiv.o
                                                     (C:\Program Files (x86)\COSMIC\FSE_Compilers\CXSTM8\lib\libm0.sm8)fmul.o
                                                     (C:\Program Files (x86)\COSMIC\FSE_Compilers\CXSTM8\lib\libm0.sm8)fneg.o
                                                     (C:\Program Files (x86)\COSMIC\FSE_Compilers\CXSTM8\lib\libm0.sm8)ftol.o
                                                     (C:\Program Files (x86)\COSMIC\FSE_Compilers\CXSTM8\lib\libm0.sm8)itof.o
                                                     (C:\Program Files (x86)\COSMIC\FSE_Compilers\CXSTM8\lib\libm0.sm8)lneg.o
                                                     (C:\Program Files (x86)\COSMIC\FSE_Compilers\CXSTM8\lib\libm0.sm8)ltor.o
                                                     (C:\Program Files (x86)\COSMIC\FSE_Compilers\CXSTM8\lib\libm0.sm8)rtol.o
c_ltor                            00009570   defined in (C:\Program Files (x86)\COSMIC\FSE_Compilers\CXSTM8\lib\libm0.sm8)ltor.o section .text
                                             used in Debug\main.o
                                                     (C:\Program Files (x86)\COSMIC\FSE_Compilers\CXSTM8\lib\libis0.sm8)itob.o
                                                     (C:\Program Files (x86)\COSMIC\FSE_Compilers\CXSTM8\lib\libis0.sm8)ildiv0.o
c_lzmp                            00009582   defined in (C:\Program Files (x86)\COSMIC\FSE_Compilers\CXSTM8\lib\libm0.sm8)lzmp.o section .text
                                             used in (C:\Program Files (x86)\COSMIC\FSE_Compilers\CXSTM8\lib\libis0.sm8)itob.o
c_okadd                           0000924c   defined in (C:\Program Files (x86)\COSMIC\FSE_Compilers\CXSTM8\lib\libm0.sm8)fadd.o section .text
c_okdiv                           00009351   defined in (C:\Program Files (x86)\COSMIC\FSE_Compilers\CXSTM8\lib\libm0.sm8)fdiv.o section .text
                                             *** not used ***
c_okmul                           000093e6   defined in (C:\Program Files (x86)\COSMIC\FSE_Compilers\CXSTM8\lib\libm0.sm8)fmul.o section .text
                                             *** not used ***
c_oksub                           00009238   defined in (C:\Program Files (x86)\COSMIC\FSE_Compilers\CXSTM8\lib\libm0.sm8)fadd.o section .text
                                             *** not used ***
c_rtol                            00009595   defined in (C:\Program Files (x86)\COSMIC\FSE_Compilers\CXSTM8\lib\libm0.sm8)rtol.o section .text
                                             used in Debug\main.o
                                                     (C:\Program Files (x86)\COSMIC\FSE_Compilers\CXSTM8\lib\libis0.sm8)cprint.o
                                                     (C:\Program Files (x86)\COSMIC\FSE_Compilers\CXSTM8\lib\libis0.sm8)itob.o
                                                     (C:\Program Files (x86)\COSMIC\FSE_Compilers\CXSTM8\lib\libis0.sm8)ildiv0.o
                                                     (C:\Program Files (x86)\COSMIC\FSE_Compilers\CXSTM8\lib\libm0.sm8)fgadd.o
                                                     (C:\Program Files (x86)\COSMIC\FSE_Compilers\CXSTM8\lib\libm0.sm8)fgsub.o
c_sdivx                           000095ad   defined in (C:\Program Files (x86)\COSMIC\FSE_Compilers\CXSTM8\lib\libm0.sm8)sdivx.o section .text
                                             used in Debug\main.o
c_smodx                           000095a7   defined in (C:\Program Files (x86)\COSMIC\FSE_Compilers\CXSTM8\lib\libm0.sm8)sdivx.o section .text
                                             *** not used ***
c_x                               000000a2   defined in (C:\Program Files (x86)\COSMIC\FSE_Compilers\CXSTM8\lib\libm0.sm8)xreg.o section .ubsct
                                             used in C:\Program Files (x86)\COSMIC\FSE_Compilers\CXSTM8\lib\crtsi0.sm8
                                                     Debug\main.o
                                                     (C:\Program Files (x86)\COSMIC\FSE_Compilers\CXSTM8\lib\libis0.sm8)strlen0.o
                                                     (C:\Program Files (x86)\COSMIC\FSE_Compilers\CXSTM8\lib\libm0.sm8)bmulx.o
                                                     (C:\Program Files (x86)\COSMIC\FSE_Compilers\CXSTM8\lib\libm0.sm8)ldiv.o
                                                     (C:\Program Files (x86)\COSMIC\FSE_Compilers\CXSTM8\lib\libm0.sm8)fadd.o
                                                     (C:\Program Files (x86)\COSMIC\FSE_Compilers\CXSTM8\lib\libm0.sm8)fcmp.o
                                                     (C:\Program Files (x86)\COSMIC\FSE_Compilers\CXSTM8\lib\libm0.sm8)fdiv.o
                                                     (C:\Program Files (x86)\COSMIC\FSE_Compilers\CXSTM8\lib\libm0.sm8)fmul.o
                                                     (C:\Program Files (x86)\COSMIC\FSE_Compilers\CXSTM8\lib\libm0.sm8)sdivx.o
c_y                               000000a5   defined in (C:\Program Files (x86)\COSMIC\FSE_Compilers\CXSTM8\lib\libm0.sm8)yreg.o section .ubsct
                                             used in C:\Program Files (x86)\COSMIC\FSE_Compilers\CXSTM8\lib\crtsi0.sm8
f_EXTI1_IRQHandler                000087fe   defined in Debug\main.o section .text
                                             used in Debug\stm8_interrupt_vector.o
f_EXTI2_IRQHandler                0000884a   defined in Debug\main.o section .text
                                             used in Debug\stm8_interrupt_vector.o
f_NonHandledInterrupt             000095d2   defined in Debug\stm8_interrupt_vector.o section .text
